Composer plugins have been disabled for safety in this non-interactive session.
Set COMPOSER_ALLOW_SUPERUSER=1 if you want to allow plugins to run as root/super user.
Do not run Composer as root/super user! See https://getcomposer.org/root for details
Installing dependencies from lock file (including require-dev)
Verifying lock file contents can be installed on current platform.
Warning: The lock file is not up to date with the latest changes in composer.json. You may be getting outdated dependencies. It is recommended that you run `composer update` or `composer update <package name>`.
Package operations: 121 installs, 0 updates, 0 removals
  - Downloading pestphp/pest-plugin (v4.0.0)
  - Downloading symfony/process (v7.4.17)
  - Downloading symfony/polyfill-mbstring (v1.38.2)
  - Downloading symfony/polyfill-intl-normalizer (v1.42.0)
  - Downloading symfony/polyfill-intl-grapheme (v1.41.0)
  - Downloading symfony/polyfill-ctype (v1.37.0)
  - Downloading symfony/deprecation-contracts (v3.7.1)
  - Downloading symfony/string (v7.4.15)
  - Downloading psr/container (2.0.2)
  - Downloading symfony/service-contracts (v3.7.1)
  - Downloading symfony/console (v7.4.17)
  - Downloading sebastian/environment (8.1.2)
  - Downloading staabm/side-effects-detector (1.0.5)
  - Downloading sebastian/version (6.0.0)
  - Downloading sebastian/type (6.0.4)
  - Downloading sebastian/recursion-context (7.0.1)
  - Downloading sebastian/object-reflector (5.0.0)
  - Downloading sebastian/object-enumerator (7.0.0)
  - Downloading sebastian/global-state (8.0.3)
  - Downloading sebastian/exporter (7.0.3)
  - Downloading sebastian/diff (7.0.1)
  - Downloading sebastian/comparator (7.1.8)
  - Downloading sebastian/cli-parser (4.2.1)
  - Downloading phpunit/php-timer (8.0.0)
  - Downloading phpunit/php-text-template (5.0.0)
  - Downloading phpunit/php-invoker (6.0.0)
  - Downloading phpunit/php-file-iterator (6.0.2)
  - Downloading theseer/tokenizer (2.0.1)
  - Downloading nikic/php-parser (v5.8.0)
  - Downloading sebastian/lines-of-code (4.0.1)
  - Downloading sebastian/complexity (5.0.0)
  - Downloading phpunit/php-code-coverage (12.5.7)
  - Downloading phar-io/version (3.2.1)
  - Downloading phar-io/manifest (2.0.4)
  - Downloading myclabs/deep-copy (1.14.0)
  - Downloading phpunit/phpunit (12.5.33)
  - Downloading jean85/pretty-package-versions (2.1.1)
  - Downloading fidry/cpu-core-counter (1.3.0)
  - Downloading brianium/paratest (v7.20.0)
  - Downloading psr/log (3.0.2)
  - Downloading composer/pcre (3.4.0)
  - Downloading composer/xdebug-handler (3.0.5)
  - Downloading doctrine/inflector (2.1.0)
  - Downloading doctrine/lexer (3.0.1)
  - Downloading dragonmantank/cron-expression (v3.6.0)
  - Downloading symfony/http-foundation (v7.4.17)
  - Downloading fruitcake/php-cors (v1.4.0)
  - Downloading symfony/polyfill-php80 (v1.37.0)
  - Downloading psr/http-message (2.0)
  - Downloading psr/http-client (1.0.3)
  - Downloading ralouphie/getallheaders (3.0.3)
  - Downloading psr/http-factory (1.1.0)
  - Downloading guzzlehttp/psr7 (2.13.1)
  - Downloading guzzlehttp/promises (2.5.3)
  - Downloading guzzlehttp/guzzle (7.15.5)
  - Downloading guzzlehttp/uri-template (v1.0.11)
  - Downloading laravel/prompts (v0.3.24)
  - Downloading laravel/serializable-closure (v2.0.16)
  - Downloading symfony/var-dumper (v7.4.17)
  - Downloading psy/psysh (v0.12.24)
  - Downloading voku/portable-ascii (2.1.1)
  - Downloading phpoption/phpoption (1.10.0)
  - Downloading graham-campbell/result-type (v1.2.0)
  - Downloading vlucas/phpdotenv (v5.7.0)
  - Downloading symfony/css-selector (v7.4.17)
  - Downloading tijsverkoyen/css-to-inline-styles (v2.4.0)
  - Downloading symfony/polyfill-uuid (v1.37.0)
  - Downloading symfony/uid (v7.4.17)
  - Downloading symfony/routing (v7.4.17)
  - Downloading symfony/polyfill-php83 (v1.41.0)
  - Downloading symfony/polyfill-intl-idn (v1.42.0)
  - Downloading symfony/mime (v7.4.17)
  - Downloading psr/event-dispatcher (1.0.0)
  - Downloading symfony/event-dispatcher-contracts (v3.7.1)
  - Downloading symfony/event-dispatcher (v7.4.17)
  - Downloading egulias/email-validator (4.0.4)
  - Downloading symfony/mailer (v7.4.17)
  - Downloading symfony/polyfill-php85 (v1.41.0)
  - Downloading symfony/error-handler (v7.4.17)
  - Downloading symfony/http-kernel (v7.4.17)
  - Downloading symfony/finder (v7.4.17)
  - Downloading ramsey/collection (2.1.1)
  - Downloading brick/math (0.14.8)
  - Downloading ramsey/uuid (4.9.3)
  - Downloading psr/simple-cache (3.0.0)
  - Downloading nunomaduro/termwind (v2.4.0)
  - Downloading symfony/translation-contracts (v3.7.1)
  - Downloading symfony/translation (v7.4.17)
  - Downloading psr/clock (1.0.0)
  - Downloading symfony/clock (v7.4.8)
  - Downloading carbonphp/carbon-doctrine-types (3.2.0)
  - Downloading nesbot/carbon (3.13.2)
  - Downloading monolog/monolog (3.10.0)
  - Downloading league/uri-interfaces (7.8.1)
  - Downloading league/uri (7.8.1)
  - Downloading league/mime-type-detection (1.17.0)
  - Downloading league/flysystem-local (3.35.3)
  - Downloading league/flysystem (3.35.3)
  - Downloading nette/utils (v4.1.5)
  - Downloading nette/schema (v1.3.6)
  - Downloading dflydev/dot-access-data (v3.0.3)
  - Downloading league/config (v1.2.0)
  - Downloading league/commonmark (2.10.0)
  - Downloading laravel/framework (v11.56.1)
  - Downloading laravel/tinker (v2.11.1)
  - Downloading hamcrest/hamcrest-php (v3.0.0)
  - Downloading mockery/mockery (1.6.15)
  - Downloading filp/whoops (2.18.4)
  - Downloading nunomaduro/collision (v8.9.5)
  - Downloading webmozart/assert (2.4.1)
  - Downloading phpstan/phpdoc-parser (2.3.5)
  - Downloading phpdocumentor/reflection-common (2.2.0)
  - Downloading doctrine/deprecations (1.1.6)
  - Downloading phpdocumentor/type-resolver (2.0.0)
  - Downloading phpdocumentor/reflection-docblock (6.0.3)
  - Downloading ta-tikoma/phpunit-architecture-test (0.8.7)
  - Downloading pestphp/pest-plugin-arch (v4.0.2)
  - Downloading pestphp/pest-plugin-profanity (v4.2.1)
  - Downloading pestphp/pest-plugin-mutate (v4.0.1)
  - Downloading pestphp/pest (v4.7.8)
  - Downloading pestphp/pest-plugin-laravel (v4.1.0)
    Failed to download pestphp/pest-plugin from dist: Could not authenticate against github.com
    Now trying to download from source
  - Syncing pestphp/pest-plugin (v4.0.0) into cache
    Failed to download symfony/process from dist: Could not authenticate against github.com
    Now trying to download from source
  - Syncing symfony/process (v7.4.17) into cache
    Failed to download symfony/polyfill-mbstring from dist: Could not authenticate against github.com
    Now trying to download from source
  - Syncing symfony/polyfill-mbstring (v1.38.2) into cache
    Failed to download symfony/polyfill-intl-normalizer from dist: Could not authenticate against github.com
    Now trying to download from source
  - Syncing symfony/polyfill-intl-normalizer (v1.42.0) into cache
    Failed to download symfony/polyfill-intl-grapheme from dist: Could not authenticate against github.com
    Now trying to download from source
  - Syncing symfony/polyfill-intl-grapheme (v1.41.0) into cache
    Failed to download symfony/polyfill-ctype from dist: Could not authenticate against github.com
    Now trying to download from source
  - Syncing symfony/polyfill-ctype (v1.37.0) into cache
    Failed to download symfony/deprecation-contracts from dist: Could not authenticate against github.com
    Now trying to download from source
  - Syncing symfony/deprecation-contracts (v3.7.1) into cache
    Failed to download symfony/string from dist: Could not authenticate against github.com
    Now trying to download from source
  - Syncing symfony/string (v7.4.15) into cache
    Failed to download sebastian/environment from dist: Could not authenticate against github.com
    Now trying to download from source
  - Syncing sebastian/environment (8.1.2) into cache
    Failed to download symfony/service-contracts from dist: Could not authenticate against github.com
    Now trying to download from source
  - Syncing symfony/service-contracts (v3.7.1) into cache
    Failed to download symfony/console from dist: Could not authenticate against github.com
    Now trying to download from source
  - Syncing symfony/console (v7.4.17) into cache
    Failed to download psr/container from dist: Could not authenticate against github.com
    Now trying to download from source
  - Syncing psr/container (2.0.2) into cache
    Failed to download staabm/side-effects-detector from dist: Could not authenticate against github.com
    Now trying to download from source
  - Syncing staabm/side-effects-detector (1.0.5) into cache
    Failed to download sebastian/version from dist: curl error 28 while downloading https://api.github.com/repos/sebastianbergmann/version/zipball/3e6ccf7657d4f0a59200564b08cead899313b53c: Proxy CONNECT aborted due to timeout
    Now trying to download from source
  - Syncing sebastian/version (6.0.0) into cache
    Failed to download sebastian/type from dist: curl error 28 while downloading https://api.github.com/repos/sebastianbergmann/type/zipball/82ff822c2edc46724be9f7411d3163021f602773: Proxy CONNECT aborted due to timeout
    Now trying to download from source
  - Syncing sebastian/type (6.0.4) into cache
    Failed to download sebastian/recursion-context from dist: curl error 28 while downloading https://api.github.com/repos/sebastianbergmann/recursion-context/zipball/0b01998a7d5b1f122911a66bebcb8d46f0c82d8c: Proxy CONNECT aborted due to timeout
    Now trying to download from source
  - Syncing sebastian/recursion-context (7.0.1) into cache
    Failed to download sebastian/object-enumerator from dist: curl error 28 while downloading https://api.github.com/repos/sebastianbergmann/object-enumerator/zipball/1effe8e9b8e068e9ae228e542d5d11b5d16db894: Proxy CONNECT aborted due to timeout
    Now trying to download from source
  - Syncing sebastian/object-enumerator (7.0.0) into cache
    Failed to download sebastian/global-state from dist: curl error 28 while downloading https://api.github.com/repos/sebastianbergmann/global-state/zipball/b164d3274d6537ab462591c5755f76a8f5b1aae9: Proxy CONNECT aborted due to timeout
    Now trying to download from source
  - Syncing sebastian/global-state (8.0.3) into cache
    Failed to download sebastian/object-reflector from dist: curl error 28 while downloading https://api.github.com/repos/sebastianbergmann/object-reflector/zipball/4bfa827c969c98be1e527abd576533293c634f6a: Proxy CONNECT aborted due to timeout
    Now trying to download from source
  - Syncing sebastian/object-reflector (5.0.0) into cache
    Failed to download sebastian/exporter from dist: curl error 28 while downloading https://api.github.com/repos/sebastianbergmann/exporter/zipball/c5e21b5de653ce0a769fb36f5cdfcb5e7a32cf23: Proxy CONNECT aborted due to timeout
    Now trying to download from source
  - Syncing sebastian/exporter (7.0.3) into cache
    Failed to download sebastian/diff from dist: curl error 28 while downloading https://api.github.com/repos/sebastianbergmann/diff/zipball/cd4cabe39f8a4e8ee6818ba99f10a05561ea4ad6: Proxy CONNECT aborted due to timeout
    Now trying to download from source
  - Syncing sebastian/diff (7.0.1) into cache
